0

2	0	1	
2	1	1	
2	1	1	
2	1	1	
2	1	1	
2	2	1	
1	2	1	
1	2	1	
1	2	1	
1	2	1	
0	2	0	
One or more of your variables does not take on enough values to obtained the appropriate field cardinality.